Microchip MPLAB XC8 Compiler V2.50

Linker command line:

-W-3 \
  --edf=C:\Program Files\Microchip\xc8\v2.50\pic\dat\20240725155939_en.msgs \
  -cn -h+dist/default/production\simulator.X.production.sym \
  --cmf=dist/default/production\simulator.X.production.cmf -z -w9 \
  --disl=596:off --norlf -Q10F200 \
  -oC:\Users\nisse\AppData\Local\Temp\xcAsir4.\driver_tmp_3.o \
  --defsym=__MPLAB_BUILD=1 \
  -Mdist/default/production/simulator.X.production.map -E1 \
  -ver=XC8 Compiler --acfsm=1493 -ACODE=00h-0FFh -ASTRCODE=00h-0FFh \
  -ASTRING=00h-0FFh -AENTRY=00h-0FFh-0FFh -ABANK0=010h-01Dh -ARAM=010h-01Dh \
  -AABS1=010h-01Fh -ACOMMON=01Ch-01Fh -ASFR0=00h-0Fh -ACONFIG=0FFFh-0FFFh \
  -DCONFIG=2 -AIDLOC=0100h-0103h -DIDLOC=2 -DCODE=2 -DSTRCODE=2 -DSTRING=2 \
  -DCONST=2 -DENTRY=2 \
  -preset_vec=0ffh,reset_wrap=0h,init,end_init,cinit,clrtext -ppowerup=CODE \
  -pfunctab=ENTRY -pstrings=-STRING -k \
  C:\Users\nisse\AppData\Local\Temp\xcAsir4.\driver_tmp_6.o \
  build/default/production/simulation.o 

Object code version is 3.11

Machine type is 10F200



                Name                               Link     Load   Length Selector   Space Scale
C:\Users\nisse\AppData\Local\Temp\xcAsir4.\driver_tmp_6.o
                end_init                              0        0        2        0       0
                reset_vec                            FF       FF        1      1FE       0
                config                              FFF      FFF        1        0       4
build/default/production/simulation.o
                config                              FFF      FFF        1        0       4
                rstVector                             0        0        1        0       0
                code                                  2        2       19        4       0

TOTAL           Name                               Link     Load   Length     Space
        CLASS   CODE           
                reset_vec                            FF       FF        1         0
                code                                  2        2       19         0

        CLASS   STRCODE        

        CLASS   STRING         

        CLASS   ENTRY          
                end_init                              0        0        2         0

        CLASS   BANK0          

        CLASS   RAM            

        CLASS   ABS1           

        CLASS   COMMON         

        CLASS   SFR0           

        CLASS   CONFIG         
                config                              FFF      FFF        1         4

        CLASS   IDLOC          

        CLASS   CONST          

        CLASS   HEAP           

        CLASS   STACK          

        CLASS   UNCLASSED
                rstVector                             0        0        1         0


SEGMENTS        Name                           Load    Length   Top    Selector   Space  Class     Delta

                reset_wrap                     000000  000002  000002         0       0  ENTRY       2
                code                           000002  000019  00001B         4       0  CODE        2
                reset_vec                      0000FF  000001  000100       1FE       0  CODE        2


UNUSED ADDRESS RANGES

        Name                Unused          Largest block    Delta
        BANK0            0010-001D              E           1
        CODE             001B-00FE             E4           2
        COMMON           001C-001F              4           1
        ENTRY            001B-00FE             E4           2
        IDLOC            0100-0103              4           2
        RAM              0010-001D              E           1
        SFR0             0000-000F             10           1
        STRCODE          001B-00FE             E4           2
        STRING           001B-00FE             E4           2

                                  Symbol Table

__H__absolute__      __absolute__ 0000  __Habs1              abs1         0000
__Hbank0             bank0        0000  __Hcode              code         0000
__Hcommon            common       0000  __Hfunctab           functab      0000
__Hheap              heap         0000  __Hinit              init         0000
__Hjmp_tab           jmp_tab      0000  __Hmaintext          maintext     0000
__Hpowerup           powerup      0000  __Hram               ram          0000
__Hreset_wrap        reset_wrap   0000  __Hsfr0              sfr0         0000
__Hspace_1           (abs)        0000  __Hspace_2           (abs)        0000
__Hstack             stack        0000  __Hstrings           strings      0000
__Htext              text         0000  __L__absolute__      __absolute__ 0000
__Labs1              abs1         0000  __Lbank0             bank0        0000
__Lcode              code         0000  __Lcommon            common       0000
__Lconfig            config       0000  __Lend_init          end_init     0000
__Lfunctab           functab      0000  __Lheap              heap         0000
__Linit              init         0000  __Ljmp_tab           jmp_tab      0000
__Lmaintext          maintext     0000  __Lpowerup           powerup      0000
__Lram               ram          0000  __Lreset_wrap        reset_wrap   0000
__LrstVector         rstVector    0000  __Lsfr0              sfr0         0000
__Lspace_0           (abs)        0000  __Lspace_1           (abs)        0000
__Lspace_2           (abs)        0000  __Lspace_4           (abs)        0000
__Lstack             stack        0000  __Lstrings           strings      0000
__Ltext              text         0000  __S1                 (abs)        0000
___heap_hi           (abs)        0000  ___heap_lo           (abs)        0000
___int_sp            stack        0000  ___int_stack_hi      stack        0000
___int_stack_lo      stack        0000  ___sp                stack        0000
___stack_hi          stack        0000  ___stack_lo          stack        0000
___stackhi           (abs)        0000  ___stacklo           (abs)        0000
_main                                   start                init         0000
start_initialization                    __Hdata              data         0002
__HrstVector         rstVector    0001  __Hudata             udata        0002
__Hudata_bank0       udata_bank0  0002  __Ldata              data         0002
__Ludata             udata        0002  __Ludata_bank0       udata_bank0  0002
__Hcinit             cinit        0002  __Hclrtext           clrtext      0002
__Hend_init          end_init     0002  __Lcinit             cinit        0002
__Lclrtext           clrtext      0002  __S0                 (abs)        001B
__Hspace_0           (abs)        0100  __Lreset_vec         reset_vec    00FF
__Hreset_vec         reset_vec    0100  __Hspace_4           (abs)        1FFF
__Hconfig            config       1000  reset_vec            reset_vec    00FF
